// Jest Snapshot v1, https://goo.gl/fbAQLP

exports[`fetchBranchProtectionRules exec handler 1`] = `
Object {
  "collectedEntities": Array [
    Object {
      "_class": Array [
        "Rule",
      ],
      "_key": "github_BPR_kwDOI2pL-M4CCLN0",
      "_rawData": Array [
        Object {
          "name": "default",
          "rawData": Object {
            "allowsDeletions": false,
            "allowsForcePushes": false,
            "blocksCreations": false,
            "bypassForcePushAllowances": Object {
              "apps": Array [],
              "teams": Array [],
              "users": Array [],
            },
            "bypassPullRequestAllowances": Object {
              "apps": Array [],
              "teams": Array [],
              "users": Array [
                Object {
                  "__typename": "User",
                  "email": "samuel.poulton@jupiterone.com",
                  "id": "MDQ6VXNlcjU5MjMwMDI=",
                  "login": "VDubber",
                },
              ],
            },
            "creator": Object {
              "login": "VDubber",
            },
            "databaseId": 34124660,
            "dismissesStaleReviews": false,
            "id": "BPR_kwDOI2pL-M4CCLN0",
            "isAdminEnforced": false,
            "pattern": "main",
            "pushAllowances": Object {
              "apps": Array [],
              "teams": Array [],
              "users": Array [],
            },
            "repoName": "reimagined-barnacle",
            "requiredApprovingReviewCount": 1,
            "requiredStatusCheckContexts": Array [],
            "requiredStatusChecks": Array [],
            "requiresApprovingReviews": true,
            "requiresCodeOwnerReviews": false,
            "requiresCommitSignatures": false,
            "requiresConversationResolution": false,
            "requiresLinearHistory": false,
            "requiresStatusChecks": false,
            "requiresStrictStatusChecks": true,
            "restrictsPushes": false,
            "restrictsReviewDismissals": false,
            "reviewDismissalAllowances": Object {
              "apps": Array [],
              "teams": Array [],
              "users": Array [],
            },
          },
        },
      ],
      "_type": "github_branch_protection_rule",
      "allowDeletions": false,
      "allowForcePushes": false,
      "blockCreations": false,
      "createdOn": undefined,
      "displayName": "main",
      "enforceAdmins": false,
      "id": "BPR_kwDOI2pL-M4CCLN0",
      "name": "main",
      "requireCodeOwnerReviews": false,
      "requiredApprovingReviewCount": 1,
      "requiredConversationResolution": false,
      "requiredLinearHistory": false,
      "requiredSignatures": false,
      "requiredStatusChecks": Array [],
      "webLink": "https://github.com/JupiterOne-Sandbox/reimagined-barnacle/settings/branch_protection_rules/34124660",
    },
    Object {
      "_class": Array [
        "Rule",
      ],
      "_key": "github_BPR_kwDOI2pNd84CAaOB",
      "_rawData": Array [
        Object {
          "name": "default",
          "rawData": Object {
            "allowsDeletions": false,
            "allowsForcePushes": false,
            "blocksCreations": false,
            "bypassForcePushAllowances": Object {
              "apps": Array [],
              "teams": Array [],
              "users": Array [],
            },
            "bypassPullRequestAllowances": Object {
              "apps": Array [],
              "teams": Array [],
              "users": Array [
                Object {
                  "__typename": "User",
                  "email": "samuel.poulton@jupiterone.com",
                  "id": "MDQ6VXNlcjU5MjMwMDI=",
                  "login": "VDubber",
                },
              ],
            },
            "creator": Object {
              "login": "VDubber",
            },
            "databaseId": 33661825,
            "dismissesStaleReviews": true,
            "id": "BPR_kwDOI2pNd84CAaOB",
            "isAdminEnforced": false,
            "pattern": "main",
            "pushAllowances": Object {
              "apps": Array [],
              "teams": Array [],
              "users": Array [],
            },
            "repoName": "ubiquitous-umbrella",
            "requiredApprovingReviewCount": 1,
            "requiredStatusCheckContexts": Array [],
            "requiredStatusChecks": Array [],
            "requiresApprovingReviews": true,
            "requiresCodeOwnerReviews": false,
            "requiresCommitSignatures": false,
            "requiresConversationResolution": false,
            "requiresLinearHistory": false,
            "requiresStatusChecks": true,
            "requiresStrictStatusChecks": true,
            "restrictsPushes": false,
            "restrictsReviewDismissals": false,
            "reviewDismissalAllowances": Object {
              "apps": Array [],
              "teams": Array [],
              "users": Array [],
            },
          },
        },
      ],
      "_type": "github_branch_protection_rule",
      "allowDeletions": false,
      "allowForcePushes": false,
      "blockCreations": false,
      "createdOn": undefined,
      "displayName": "main",
      "enforceAdmins": false,
      "id": "BPR_kwDOI2pNd84CAaOB",
      "name": "main",
      "requireCodeOwnerReviews": false,
      "requiredApprovingReviewCount": 1,
      "requiredConversationResolution": false,
      "requiredLinearHistory": false,
      "requiredSignatures": false,
      "requiredStatusChecks": Array [],
      "webLink": "https://github.com/JupiterOne-Sandbox/ubiquitous-umbrella/settings/branch_protection_rules/33661825",
    },
  ],
  "collectedRelationships": Array [
    Object {
      "_class": "HAS",
      "_fromEntityKey": "R_kgDOI2pL-A",
      "_key": "R_kgDOI2pL-A|has|github_BPR_kwDOI2pL-M4CCLN0",
      "_toEntityKey": "github_BPR_kwDOI2pL-M4CCLN0",
      "_type": "github_repo_has_branch_protection_rule",
      "displayName": "HAS",
    },
    Object {
      "_class": "OVERRIDES",
      "_fromEntityKey": "MDQ6VXNlcjU5MjMwMDI=",
      "_key": "MDQ6VXNlcjU5MjMwMDI=|overrides|github_BPR_kwDOI2pL-M4CCLN0",
      "_toEntityKey": "github_BPR_kwDOI2pL-M4CCLN0",
      "_type": "github_user_overrides_branch_protection_rule",
      "bypassPullRequestAllowance": true,
      "displayName": "OVERRIDES",
    },
    Object {
      "_class": "HAS",
      "_fromEntityKey": "R_kgDOI2pNdw",
      "_key": "R_kgDOI2pNdw|has|github_BPR_kwDOI2pNd84CAaOB",
      "_toEntityKey": "github_BPR_kwDOI2pNd84CAaOB",
      "_type": "github_repo_has_branch_protection_rule",
      "displayName": "HAS",
    },
    Object {
      "_class": "OVERRIDES",
      "_fromEntityKey": "MDQ6VXNlcjU5MjMwMDI=",
      "_key": "MDQ6VXNlcjU5MjMwMDI=|overrides|github_BPR_kwDOI2pNd84CAaOB",
      "_toEntityKey": "github_BPR_kwDOI2pNd84CAaOB",
      "_type": "github_user_overrides_branch_protection_rule",
      "bypassPullRequestAllowance": true,
      "displayName": "OVERRIDES",
    },
  ],
  "encounteredTypes": Array [
    "github_account",
    "github_repo",
    "github_user",
    "github_team",
    "github_app",
    "github_account_owns_repo",
    "github_account_has_user",
    "github_user_manages_account",
    "github_account_has_team",
    "github_account_installed_app",
    "github_branch_protection_rule",
    "github_repo_has_branch_protection_rule",
    "github_user_overrides_branch_protection_rule",
  ],
  "numCollectedEntities": 2,
  "numCollectedRelationships": 4,
}
`;
