// Jest Snapshot v1, https://goo.gl/fbAQLP

exports[`fetchEnvSecrets exec handler 1`] = `
Object {
  "collectedEntities": Array [
    Object {
      "_class": Array [
        "Secret",
      ],
      "_key": "GitHub_Env_devInReporeimagined-barnacle_Secret_DEV_SECRET_1",
      "_rawData": Array [
        Object {
          "name": "default",
          "rawData": Object {
            "created_at": "2023-01-30T23:27:43Z",
            "name": "DEV_SECRET_1",
            "updated_at": "2023-01-30T23:27:43Z",
          },
        },
      ],
      "_type": "github_env_secret",
      "createdOn": 1675121263000,
      "displayName": "DEV_SECRET_1",
      "name": "DEV_SECRET_1",
      "updatedOn": 1675121263000,
      "visibility": "selected",
      "webLink": "https://github.com/JupiterOne-Sandbox/reimagined-barnacle/settings/environments/835705721/edit",
    },
    Object {
      "_class": Array [
        "Secret",
      ],
      "_key": "GitHub_Env_devInRepoubiquitous-umbrella_Secret_READY_DEV_1",
      "_rawData": Array [
        Object {
          "name": "default",
          "rawData": Object {
            "created_at": "2023-02-09T22:59:07Z",
            "name": "READY_DEV_1",
            "updated_at": "2023-02-09T22:59:07Z",
          },
        },
      ],
      "_type": "github_env_secret",
      "createdOn": 1675983547000,
      "displayName": "READY_DEV_1",
      "name": "READY_DEV_1",
      "updatedOn": 1675983547000,
      "visibility": "selected",
      "webLink": "https://github.com/JupiterOne-Sandbox/ubiquitous-umbrella/settings/environments/854768849/edit",
    },
    Object {
      "_class": Array [
        "Secret",
      ],
      "_key": "GitHub_Env_prodInRepoubiquitous-umbrella_Secret_READY_PROD_1",
      "_rawData": Array [
        Object {
          "name": "default",
          "rawData": Object {
            "created_at": "2023-02-09T22:59:52Z",
            "name": "READY_PROD_1",
            "updated_at": "2023-02-09T22:59:52Z",
          },
        },
      ],
      "_type": "github_env_secret",
      "createdOn": 1675983592000,
      "displayName": "READY_PROD_1",
      "name": "READY_PROD_1",
      "updatedOn": 1675983592000,
      "visibility": "selected",
      "webLink": "https://github.com/JupiterOne-Sandbox/ubiquitous-umbrella/settings/environments/854769760/edit",
    },
    Object {
      "_class": Array [
        "Secret",
      ],
      "_key": "GitHub_Env_devInRepoliterate-waffle_Secret_REPO_SEC",
      "_rawData": Array [
        Object {
          "name": "default",
          "rawData": Object {
            "created_at": "2023-02-09T23:21:08Z",
            "name": "REPO_SEC",
            "updated_at": "2023-02-09T23:21:08Z",
          },
        },
      ],
      "_type": "github_env_secret",
      "createdOn": 1675984868000,
      "displayName": "REPO_SEC",
      "name": "REPO_SEC",
      "updatedOn": 1675984868000,
      "visibility": "selected",
      "webLink": "https://github.com/JupiterOne-Sandbox/literate-waffle/settings/environments/854794578/edit",
    },
    Object {
      "_class": Array [
        "Secret",
      ],
      "_key": "GitHub_Env_devInRepoliterate-waffle_Secret_SECRET_ONE",
      "_rawData": Array [
        Object {
          "name": "default",
          "rawData": Object {
            "created_at": "2023-02-09T23:18:57Z",
            "name": "SECRET_ONE",
            "updated_at": "2023-02-09T23:18:57Z",
          },
        },
      ],
      "_type": "github_env_secret",
      "createdOn": 1675984737000,
      "displayName": "SECRET_ONE",
      "name": "SECRET_ONE",
      "updatedOn": 1675984737000,
      "visibility": "selected",
      "webLink": "https://github.com/JupiterOne-Sandbox/literate-waffle/settings/environments/854794578/edit",
    },
  ],
  "collectedRelationships": Array [
    Object {
      "_class": "HAS",
      "_fromEntityKey": "EN_kwDOI2pL-M4xz9t5",
      "_key": "EN_kwDOI2pL-M4xz9t5|has|GitHub_Env_devInReporeimagined-barnacle_Secret_DEV_SECRET_1",
      "_toEntityKey": "GitHub_Env_devInReporeimagined-barnacle_Secret_DEV_SECRET_1",
      "_type": "github_environment_has_env_secret",
      "displayName": "HAS",
    },
    Object {
      "_class": "USES",
      "_fromEntityKey": "R_kgDOI2pL-A",
      "_key": "R_kgDOI2pL-A|uses|GitHub_Env_devInReporeimagined-barnacle_Secret_DEV_SECRET_1",
      "_toEntityKey": "GitHub_Env_devInReporeimagined-barnacle_Secret_DEV_SECRET_1",
      "_type": "github_repo_uses_env_secret",
      "displayName": "USES",
    },
    Object {
      "_class": "HAS",
      "_fromEntityKey": "EN_kwDOI2pNd84y8rzR",
      "_key": "EN_kwDOI2pNd84y8rzR|has|GitHub_Env_devInRepoubiquitous-umbrella_Secret_READY_DEV_1",
      "_toEntityKey": "GitHub_Env_devInRepoubiquitous-umbrella_Secret_READY_DEV_1",
      "_type": "github_environment_has_env_secret",
      "displayName": "HAS",
    },
    Object {
      "_class": "USES",
      "_fromEntityKey": "R_kgDOI2pNdw",
      "_key": "R_kgDOI2pNdw|uses|GitHub_Env_devInRepoubiquitous-umbrella_Secret_READY_DEV_1",
      "_toEntityKey": "GitHub_Env_devInRepoubiquitous-umbrella_Secret_READY_DEV_1",
      "_type": "github_repo_uses_env_secret",
      "displayName": "USES",
    },
    Object {
      "_class": "HAS",
      "_fromEntityKey": "EN_kwDOI2pNd84y8sBg",
      "_key": "EN_kwDOI2pNd84y8sBg|has|GitHub_Env_prodInRepoubiquitous-umbrella_Secret_READY_PROD_1",
      "_toEntityKey": "GitHub_Env_prodInRepoubiquitous-umbrella_Secret_READY_PROD_1",
      "_type": "github_environment_has_env_secret",
      "displayName": "HAS",
    },
    Object {
      "_class": "USES",
      "_fromEntityKey": "R_kgDOI2pNdw",
      "_key": "R_kgDOI2pNdw|uses|GitHub_Env_prodInRepoubiquitous-umbrella_Secret_READY_PROD_1",
      "_toEntityKey": "GitHub_Env_prodInRepoubiquitous-umbrella_Secret_READY_PROD_1",
      "_type": "github_repo_uses_env_secret",
      "displayName": "USES",
    },
    Object {
      "_class": "HAS",
      "_fromEntityKey": "EN_kwDOI8BHIs4y8yFS",
      "_key": "EN_kwDOI8BHIs4y8yFS|has|GitHub_Env_devInRepoliterate-waffle_Secret_REPO_SEC",
      "_toEntityKey": "GitHub_Env_devInRepoliterate-waffle_Secret_REPO_SEC",
      "_type": "github_environment_has_env_secret",
      "displayName": "HAS",
    },
    Object {
      "_class": "USES",
      "_fromEntityKey": "R_kgDOI8BHIg",
      "_key": "R_kgDOI8BHIg|uses|GitHub_Env_devInRepoliterate-waffle_Secret_REPO_SEC",
      "_toEntityKey": "GitHub_Env_devInRepoliterate-waffle_Secret_REPO_SEC",
      "_type": "github_repo_uses_env_secret",
      "displayName": "USES",
    },
    Object {
      "_class": "OVERRIDES",
      "_fromEntityKey": "GitHub_Env_devInRepoliterate-waffle_Secret_REPO_SEC",
      "_key": "GitHub_Env_devInRepoliterate-waffle_Secret_REPO_SEC|overrides|GitHub_Repo_literate-waffle_Secret_REPO_SEC",
      "_toEntityKey": "GitHub_Repo_literate-waffle_Secret_REPO_SEC",
      "_type": "github_env_secret_overrides_repo_secret",
      "displayName": "OVERRIDES",
    },
    Object {
      "_class": "HAS",
      "_fromEntityKey": "EN_kwDOI8BHIs4y8yFS",
      "_key": "EN_kwDOI8BHIs4y8yFS|has|GitHub_Env_devInRepoliterate-waffle_Secret_SECRET_ONE",
      "_toEntityKey": "GitHub_Env_devInRepoliterate-waffle_Secret_SECRET_ONE",
      "_type": "github_environment_has_env_secret",
      "displayName": "HAS",
    },
    Object {
      "_class": "USES",
      "_fromEntityKey": "R_kgDOI8BHIg",
      "_key": "R_kgDOI8BHIg|uses|GitHub_Env_devInRepoliterate-waffle_Secret_SECRET_ONE",
      "_toEntityKey": "GitHub_Env_devInRepoliterate-waffle_Secret_SECRET_ONE",
      "_type": "github_repo_uses_env_secret",
      "displayName": "USES",
    },
    Object {
      "_class": "OVERRIDES",
      "_fromEntityKey": "GitHub_Env_devInRepoliterate-waffle_Secret_SECRET_ONE",
      "_key": "GitHub_Env_devInRepoliterate-waffle_Secret_SECRET_ONE|overrides|GitHub_Org_JupiterOne-Sandbox_Secret_SECRET_ONE",
      "_toEntityKey": "GitHub_Org_JupiterOne-Sandbox_Secret_SECRET_ONE",
      "_type": "github_env_secret_overrides_org_secret",
      "displayName": "OVERRIDES",
    },
  ],
  "encounteredTypes": Array [
    "github_account",
    "github_repo",
    "github_environment",
    "github_org_secret",
    "github_repo_secret",
    "github_account_owns_repo",
    "github_repo_has_environment",
    "github_account_has_org_secret",
    "github_repo_uses_org_secret",
    "github_repo_has_secret",
    "github_repo_uses_secret",
    "github_repo_secret_overrides_org_secret",
    "github_env_secret",
    "github_environment_has_env_secret",
    "github_repo_uses_env_secret",
    "github_env_secret_overrides_repo_secret",
    "github_env_secret_overrides_org_secret",
  ],
  "numCollectedEntities": 5,
  "numCollectedRelationships": 12,
}
`;
