// Jest Snapshot v1, https://goo.gl/fbAQLP

exports[`should collect data 1`] = `
Object {
  "collectedEntities": Array [
    Object {
      "_class": Array [
        "Account",
      ],
      "_key": "MDEyOk9yZ2FuaXphdGlvbjg0OTIzNTAz",
      "_rawData": Array [
        Object {
          "name": "default",
          "rawData": Object {
            "id": "MDEyOk9yZ2FuaXphdGlvbjg0OTIzNTAz",
            "login": "Kei-Institute",
            "name": "Kei-Institute",
          },
        },
      ],
      "_type": "github_account",
      "accountId": "Kei-Institute",
      "accountType": "Organization",
      "displayName": "Kei-Institute",
      "login": "Kei-Institute",
      "name": "Kei-Institute",
    },
    Object {
      "_class": Array [
        "User",
      ],
      "_key": "MDQ6VXNlcjUxMzUyMw==",
      "_rawData": Array [
        Object {
          "name": "default",
          "rawData": Object {
            "hasTwoFactorEnabled": null,
            "id": "MDQ6VXNlcjUxMzUyMw==",
            "isSiteAdmin": false,
            "login": "erichs",
            "name": "Erich Smith",
            "node": undefined,
            "organization": "MDEyOk9yZ2FuaXphdGlvbjg0OTIzNTAz",
            "role": "MEMBER",
          },
        },
      ],
      "_type": "github_user",
      "displayName": "Erich Smith",
      "login": "erichs",
      "mfaEnabled": false,
      "name": "Erich Smith",
      "role": "MEMBER",
      "siteAdmin": false,
      "username": "erichs",
    },
    Object {
      "_class": Array [
        "User",
      ],
      "_key": "MDQ6VXNlcjI1NDg5NDgy",
      "_rawData": Array [
        Object {
          "name": "default",
          "rawData": Object {
            "hasTwoFactorEnabled": null,
            "id": "MDQ6VXNlcjI1NDg5NDgy",
            "isSiteAdmin": false,
            "login": "mknoedel",
            "name": "Michael Knoedel",
            "node": undefined,
            "organization": "MDEyOk9yZ2FuaXphdGlvbjg0OTIzNTAz",
            "role": "MEMBER",
          },
        },
      ],
      "_type": "github_user",
      "displayName": "Michael Knoedel",
      "login": "mknoedel",
      "mfaEnabled": false,
      "name": "Michael Knoedel",
      "role": "MEMBER",
      "siteAdmin": false,
      "username": "mknoedel",
    },
    Object {
      "_class": Array [
        "User",
      ],
      "_key": "MDQ6VXNlcjYyNDkyMDk3",
      "_rawData": Array [
        Object {
          "name": "default",
          "rawData": Object {
            "hasTwoFactorEnabled": null,
            "id": "MDQ6VXNlcjYyNDkyMDk3",
            "isSiteAdmin": false,
            "login": "kevincasey1222",
            "name": "Kevin Casey",
            "node": undefined,
            "organization": "MDEyOk9yZ2FuaXphdGlvbjg0OTIzNTAz",
            "role": "ADMIN",
          },
        },
      ],
      "_type": "github_user",
      "displayName": "Kevin Casey",
      "login": "kevincasey1222",
      "mfaEnabled": false,
      "name": "Kevin Casey",
      "role": "ADMIN",
      "siteAdmin": false,
      "username": "kevincasey1222",
    },
    Object {
      "_class": Array [
        "CodeRepo",
      ],
      "_key": "MDEwOlJlcG9zaXRvcnkzNzE0MTk1OTg=",
      "_rawData": Array [
        Object {
          "name": "default",
          "rawData": Object {
            "createdAt": "2021-05-27T15:23:24Z",
            "id": "MDEwOlJlcG9zaXRvcnkzNzE0MTk1OTg=",
            "isArchived": false,
            "isPrivate": false,
            "name": "Test-repo",
            "nameWithOwner": "Kei-Institute/Test-repo",
            "node": undefined,
            "organization": "MDEyOk9yZ2FuaXphdGlvbjg0OTIzNTAz",
            "updatedAt": "2021-05-27T15:23:28Z",
            "url": "https://github.com/Kei-Institute/Test-repo",
          },
        },
      ],
      "_type": "github_repo",
      "archived": false,
      "createdOn": 1622129004000,
      "displayName": "Test-repo",
      "fullName": "kei-institute/test-repo",
      "name": "Test-repo",
      "owner": "kei-institute",
      "public": true,
      "updatedOn": 1622129008000,
      "webLink": "https://github.com/Kei-Institute/Test-repo",
    },
    Object {
      "_class": Array [
        "UserGroup",
      ],
      "_key": "MDQ6VGVhbTQ4NTgxNjk=",
      "_rawData": Array [
        Object {
          "name": "default",
          "rawData": Object {
            "id": "MDQ6VGVhbTQ4NTgxNjk=",
            "members": Array [
              Object {
                "id": "MDQ6VXNlcjUxMzUyMw==",
                "login": "erichs",
                "node": undefined,
                "role": "MEMBER",
                "teams": "MDQ6VGVhbTQ4NTgxNjk=",
              },
              Object {
                "id": "MDQ6VXNlcjI1NDg5NDgy",
                "login": "mknoedel",
                "node": undefined,
                "role": "MEMBER",
                "teams": "MDQ6VGVhbTQ4NTgxNjk=",
              },
              Object {
                "id": "MDQ6VXNlcjYyNDkyMDk3",
                "login": "kevincasey1222",
                "node": undefined,
                "role": "MAINTAINER",
                "teams": "MDQ6VGVhbTQ4NTgxNjk=",
              },
            ],
            "name": "Betterteam",
            "node": undefined,
            "organization": "MDEyOk9yZ2FuaXphdGlvbjg0OTIzNTAz",
            "repos": Array [],
            "slug": "betterteam",
            "url": "https://github.com/orgs/Kei-Institute/teams/betterteam",
          },
        },
      ],
      "_type": "github_team",
      "displayName": "Betterteam",
      "fullName": "Betterteam",
      "name": "betterteam",
      "webLink": "https://github.com/orgs/Kei-Institute/teams/betterteam",
    },
    Object {
      "_class": Array [
        "UserGroup",
      ],
      "_key": "MDQ6VGVhbTQ4NTgxNzA=",
      "_rawData": Array [
        Object {
          "name": "default",
          "rawData": Object {
            "id": "MDQ6VGVhbTQ4NTgxNzA=",
            "members": Array [
              Object {
                "id": "MDQ6VXNlcjYyNDkyMDk3",
                "login": "kevincasey1222",
                "node": undefined,
                "role": "MAINTAINER",
                "teams": "MDQ6VGVhbTQ4NTgxNzA=",
              },
            ],
            "name": "Childteam",
            "node": undefined,
            "organization": "MDEyOk9yZ2FuaXphdGlvbjg0OTIzNTAz",
            "repos": Array [],
            "slug": "childteam",
            "url": "https://github.com/orgs/Kei-Institute/teams/childteam",
          },
        },
      ],
      "_type": "github_team",
      "displayName": "Childteam",
      "fullName": "Childteam",
      "name": "childteam",
      "webLink": "https://github.com/orgs/Kei-Institute/teams/childteam",
    },
    Object {
      "_class": Array [
        "UserGroup",
      ],
      "_key": "MDQ6VGVhbTQ4NTc0OTU=",
      "_rawData": Array [
        Object {
          "name": "default",
          "rawData": Object {
            "id": "MDQ6VGVhbTQ4NTc0OTU=",
            "members": Array [
              Object {
                "id": "MDQ6VXNlcjI1NDg5NDgy",
                "login": "mknoedel",
                "node": undefined,
                "role": "MEMBER",
                "teams": "MDQ6VGVhbTQ4NTc0OTU=",
              },
              Object {
                "id": "MDQ6VXNlcjYyNDkyMDk3",
                "login": "kevincasey1222",
                "node": undefined,
                "role": "MAINTAINER",
                "teams": "MDQ6VGVhbTQ4NTc0OTU=",
              },
            ],
            "name": "Test team",
            "node": undefined,
            "organization": "MDEyOk9yZ2FuaXphdGlvbjg0OTIzNTAz",
            "repos": Array [],
            "slug": "test-team",
            "url": "https://github.com/orgs/Kei-Institute/teams/test-team",
          },
        },
      ],
      "_type": "github_team",
      "displayName": "Test team",
      "fullName": "Test team",
      "name": "test-team",
      "webLink": "https://github.com/orgs/Kei-Institute/teams/test-team",
    },
  ],
  "collectedRelationships": Array [
    Object {
      "_class": "HAS",
      "_fromEntityKey": "MDEyOk9yZ2FuaXphdGlvbjg0OTIzNTAz",
      "_key": "MDEyOk9yZ2FuaXphdGlvbjg0OTIzNTAz|has|MDQ6VXNlcjUxMzUyMw==",
      "_toEntityKey": "MDQ6VXNlcjUxMzUyMw==",
      "_type": "github_account_has_user",
      "displayName": "HAS",
    },
    Object {
      "_class": "HAS",
      "_fromEntityKey": "MDEyOk9yZ2FuaXphdGlvbjg0OTIzNTAz",
      "_key": "MDEyOk9yZ2FuaXphdGlvbjg0OTIzNTAz|has|MDQ6VXNlcjI1NDg5NDgy",
      "_toEntityKey": "MDQ6VXNlcjI1NDg5NDgy",
      "_type": "github_account_has_user",
      "displayName": "HAS",
    },
    Object {
      "_class": "HAS",
      "_fromEntityKey": "MDEyOk9yZ2FuaXphdGlvbjg0OTIzNTAz",
      "_key": "MDEyOk9yZ2FuaXphdGlvbjg0OTIzNTAz|has|MDQ6VXNlcjYyNDkyMDk3",
      "_toEntityKey": "MDQ6VXNlcjYyNDkyMDk3",
      "_type": "github_account_has_user",
      "displayName": "HAS",
    },
    Object {
      "_class": "MANAGES",
      "_fromEntityKey": "MDQ6VXNlcjYyNDkyMDk3",
      "_key": "MDQ6VXNlcjYyNDkyMDk3|manages|MDEyOk9yZ2FuaXphdGlvbjg0OTIzNTAz",
      "_toEntityKey": "MDEyOk9yZ2FuaXphdGlvbjg0OTIzNTAz",
      "_type": "github_user_manages_account",
      "displayName": "MANAGES",
    },
    Object {
      "_class": "OWNS",
      "_fromEntityKey": "MDEyOk9yZ2FuaXphdGlvbjg0OTIzNTAz",
      "_key": "MDEyOk9yZ2FuaXphdGlvbjg0OTIzNTAz|owns|MDEwOlJlcG9zaXRvcnkzNzE0MTk1OTg=",
      "_toEntityKey": "MDEwOlJlcG9zaXRvcnkzNzE0MTk1OTg=",
      "_type": "github_account_owns_repo",
      "displayName": "OWNS",
    },
    Object {
      "_class": "HAS",
      "_fromEntityKey": "MDEyOk9yZ2FuaXphdGlvbjg0OTIzNTAz",
      "_key": "MDEyOk9yZ2FuaXphdGlvbjg0OTIzNTAz|has|MDQ6VGVhbTQ4NTgxNjk=",
      "_toEntityKey": "MDQ6VGVhbTQ4NTgxNjk=",
      "_type": "github_account_has_team",
      "displayName": "HAS",
    },
    Object {
      "_class": "HAS",
      "_fromEntityKey": "MDQ6VGVhbTQ4NTgxNjk=",
      "_key": "MDQ6VGVhbTQ4NTgxNjk=|has|MDQ6VXNlcjUxMzUyMw==",
      "_toEntityKey": "MDQ6VXNlcjUxMzUyMw==",
      "_type": "github_team_has_user",
      "displayName": "HAS",
    },
    Object {
      "_class": "HAS",
      "_fromEntityKey": "MDQ6VGVhbTQ4NTgxNjk=",
      "_key": "MDQ6VGVhbTQ4NTgxNjk=|has|MDQ6VXNlcjI1NDg5NDgy",
      "_toEntityKey": "MDQ6VXNlcjI1NDg5NDgy",
      "_type": "github_team_has_user",
      "displayName": "HAS",
    },
    Object {
      "_class": "HAS",
      "_fromEntityKey": "MDQ6VGVhbTQ4NTgxNjk=",
      "_key": "MDQ6VGVhbTQ4NTgxNjk=|has|MDQ6VXNlcjYyNDkyMDk3",
      "_toEntityKey": "MDQ6VXNlcjYyNDkyMDk3",
      "_type": "github_team_has_user",
      "displayName": "HAS",
    },
    Object {
      "_class": "MANAGES",
      "_fromEntityKey": "MDQ6VXNlcjYyNDkyMDk3",
      "_key": "MDQ6VXNlcjYyNDkyMDk3|manages|MDQ6VGVhbTQ4NTgxNjk=",
      "_toEntityKey": "MDQ6VGVhbTQ4NTgxNjk=",
      "_type": "github_user_manages_team",
      "displayName": "MANAGES",
    },
    Object {
      "_class": "HAS",
      "_fromEntityKey": "MDEyOk9yZ2FuaXphdGlvbjg0OTIzNTAz",
      "_key": "MDEyOk9yZ2FuaXphdGlvbjg0OTIzNTAz|has|MDQ6VGVhbTQ4NTgxNzA=",
      "_toEntityKey": "MDQ6VGVhbTQ4NTgxNzA=",
      "_type": "github_account_has_team",
      "displayName": "HAS",
    },
    Object {
      "_class": "HAS",
      "_fromEntityKey": "MDQ6VGVhbTQ4NTgxNzA=",
      "_key": "MDQ6VGVhbTQ4NTgxNzA=|has|MDQ6VXNlcjYyNDkyMDk3",
      "_toEntityKey": "MDQ6VXNlcjYyNDkyMDk3",
      "_type": "github_team_has_user",
      "displayName": "HAS",
    },
    Object {
      "_class": "MANAGES",
      "_fromEntityKey": "MDQ6VXNlcjYyNDkyMDk3",
      "_key": "MDQ6VXNlcjYyNDkyMDk3|manages|MDQ6VGVhbTQ4NTgxNzA=",
      "_toEntityKey": "MDQ6VGVhbTQ4NTgxNzA=",
      "_type": "github_user_manages_team",
      "displayName": "MANAGES",
    },
    Object {
      "_class": "HAS",
      "_fromEntityKey": "MDEyOk9yZ2FuaXphdGlvbjg0OTIzNTAz",
      "_key": "MDEyOk9yZ2FuaXphdGlvbjg0OTIzNTAz|has|MDQ6VGVhbTQ4NTc0OTU=",
      "_toEntityKey": "MDQ6VGVhbTQ4NTc0OTU=",
      "_type": "github_account_has_team",
      "displayName": "HAS",
    },
    Object {
      "_class": "HAS",
      "_fromEntityKey": "MDQ6VGVhbTQ4NTc0OTU=",
      "_key": "MDQ6VGVhbTQ4NTc0OTU=|has|MDQ6VXNlcjI1NDg5NDgy",
      "_toEntityKey": "MDQ6VXNlcjI1NDg5NDgy",
      "_type": "github_team_has_user",
      "displayName": "HAS",
    },
    Object {
      "_class": "HAS",
      "_fromEntityKey": "MDQ6VGVhbTQ4NTc0OTU=",
      "_key": "MDQ6VGVhbTQ4NTc0OTU=|has|MDQ6VXNlcjYyNDkyMDk3",
      "_toEntityKey": "MDQ6VXNlcjYyNDkyMDk3",
      "_type": "github_team_has_user",
      "displayName": "HAS",
    },
    Object {
      "_class": "MANAGES",
      "_fromEntityKey": "MDQ6VXNlcjYyNDkyMDk3",
      "_key": "MDQ6VXNlcjYyNDkyMDk3|manages|MDQ6VGVhbTQ4NTc0OTU=",
      "_toEntityKey": "MDQ6VGVhbTQ4NTc0OTU=",
      "_type": "github_user_manages_team",
      "displayName": "MANAGES",
    },
  ],
  "encounteredTypes": Array [
    "github_account",
    "github_user",
    "github_account_has_user",
    "github_user_manages_account",
    "github_repo",
    "github_account_owns_repo",
    "github_team",
    "github_account_has_team",
    "github_team_has_user",
    "github_user_manages_team",
  ],
  "numCollectedEntities": 8,
  "numCollectedRelationships": 17,
}
`;
