// Jest Snapshot v1, https://goo.gl/fbAQLP

exports[`fetchIssues exec handler 1`] = `
Object {
  "collectedEntities": Array [
    Object {
      "_class": Array [
        "Issue",
      ],
      "_key": "I_kwDOI2pL-M5dLxNZ",
      "_rawData": Array [
        Object {
          "name": "default",
          "rawData": Object {
            "activeLockReason": null,
            "assignees": Array [
              Object {
                "login": "adam-in-ict",
                "name": "Adam Pierson",
              },
            ],
            "author": Object {
              "login": "VDubber",
              "name": "Samuel Poulton",
            },
            "authorAssociation": "MEMBER",
            "body": undefined,
            "bodyText": undefined,
            "bodyUrl": "https://github.com/JupiterOne-Sandbox/reimagined-barnacle/issues/1#issue-1563366233",
            "closed": false,
            "closedAt": null,
            "createdAt": "2023-01-30T23:25:08Z",
            "createdViaEmail": false,
            "databaseId": 1563366233,
            "id": "I_kwDOI2pL-M5dLxNZ",
            "isPinned": false,
            "labels": Array [],
            "lastEditedAt": null,
            "locked": false,
            "number": 1,
            "publishedAt": "2023-01-30T23:25:08Z",
            "resourcePath": "/JupiterOne-Sandbox/reimagined-barnacle/issues/1",
            "state": "OPEN",
            "title": "Watch Out!",
            "titleHTML": "Watch Out!",
            "updatedAt": "2023-02-09T22:46:41Z",
            "url": "https://github.com/JupiterOne-Sandbox/reimagined-barnacle/issues/1",
          },
        },
      ],
      "_type": "github_issue",
      "activeLockReason": null,
      "authorAssociation": "MEMBER",
      "body": "Test issue for ingestion",
      "closed": false,
      "closedOn": undefined,
      "createdOn": 1675121108000,
      "createdViaEmail": false,
      "databaseId": 1563366233,
      "description": "Test issue for ingestion",
      "displayName": "reimagined-barnacle/1",
      "labels": Array [],
      "lastEditedOn": undefined,
      "locked": false,
      "name": "reimagined-barnacle/1",
      "number": 1,
      "pinned": false,
      "publishedOn": 1675121108000,
      "resourcePath": "/JupiterOne-Sandbox/reimagined-barnacle/issues/1",
      "state": "OPEN",
      "title": "Watch Out!",
      "updatedOn": 1675982801000,
      "url": "https://github.com/JupiterOne-Sandbox/reimagined-barnacle/issues/1",
      "webLink": "https://github.com/JupiterOne-Sandbox/reimagined-barnacle/issues/1",
    },
  ],
  "collectedRelationships": Array [
    Object {
      "_class": "HAS",
      "_fromEntityKey": "R_kgDOI2pL-A",
      "_key": "R_kgDOI2pL-A|has|I_kwDOI2pL-M5dLxNZ",
      "_toEntityKey": "I_kwDOI2pL-M5dLxNZ",
      "_type": "github_repo_has_issue",
      "displayName": "HAS",
    },
    Object {
      "_class": "CREATED",
      "_fromEntityKey": "MDQ6VXNlcjU5MjMwMDI=",
      "_key": "MDQ6VXNlcjU5MjMwMDI=|created|I_kwDOI2pL-M5dLxNZ",
      "_toEntityKey": "I_kwDOI2pL-M5dLxNZ",
      "_type": "github_user_created_issue",
      "displayName": "CREATED",
    },
    Object {
      "_class": "ASSIGNED",
      "_fromEntityKey": "MDQ6VXNlcjU1NzcxODIz",
      "_key": "MDQ6VXNlcjU1NzcxODIz|assigned|I_kwDOI2pL-M5dLxNZ",
      "_toEntityKey": "I_kwDOI2pL-M5dLxNZ",
      "_type": "github_user_assigned_issue",
      "displayName": "ASSIGNED",
    },
  ],
  "encounteredTypes": Array [
    "github_account",
    "github_repo",
    "github_user",
    "github_account_owns_repo",
    "github_account_has_user",
    "github_user_manages_account",
    "github_repo_allows_user",
    "github_issue",
    "github_repo_has_issue",
    "github_user_created_issue",
    "github_user_assigned_issue",
  ],
  "numCollectedEntities": 1,
  "numCollectedRelationships": 3,
}
`;
