// Jest Snapshot v1, https://goo.gl/fbAQLP

exports[`fetchPrs exec handler 1`] = `
Object {
  "collectedEntities": Array [
    Object {
      "_class": Array [
        "PR",
      ],
      "_key": "JupiterOne-Sandbox/intentionally-vulnerable-golang-project/pull-requests/2",
      "_rawData": Array [
        Object {
          "name": "default",
          "rawData": Object {
            "additions": 48,
            "author": Object {},
            "authorAssociation": "NONE",
            "baseRefName": "master",
            "baseRefOid": "16e4a62b6b69862257285201f20a9767666d9370",
            "baseRepository": Object {
              "name": "intentionally-vulnerable-golang-project",
              "owner": Object {
                "id": "O_kgDOB0VI3Q",
                "login": "JupiterOne-Sandbox",
                "url": "https://github.com/JupiterOne-Sandbox",
              },
              "url": "https://github.com/JupiterOne-Sandbox/intentionally-vulnerable-golang-project",
            },
            "body": "Bumps [github.com/gophish/gophish](https://github.com/gophish/gophish) from 0.1.2 to 0.12.0.
<details>
<summary>Release notes</summary>
<p><em>Sourced from <a href=\\"https://github.com/gophish/gophish/releases\\">github.com/gophish/gophish's releases</a>.</em></p>
<blockquote>
<h2>Gophish v0.12.0</h2>
<h3>Gophish just got better.</h3>
<p>We're excited to announce the release of Gophish v0.12.0. This release includes important security fixes, adds some features, and fixes some bugs.</p>
<h3>Attachment Tracking</h3>
<p>This has been a long time requested feature, and we're super excited to release it! We've added the ability to add <a href=\\"https://docs.getgophish.com/user-guide/template-reference\\">gophish variables</a> to a number of file types which can be attached to emails. As a trivial example it is possible to include <code>Hello {{.FirstName}}, please click here: {{.URL}}</code> to a Word document, or with a little more effort add tracking pixels to documents. This will allow notification of when users have opened attached files, or enabled macros in Office documents. We currently support the following file extensions: docx, docm, pptx, xlsx, xlsm, txt, html, ics. Please see the <a href=\\"https://docs.getgophish.com/user-guide/documentation/attachments\\">documentation</a> for more guidance and examples.</p>
<h3>Inline Image Attachments <a href=\\"https://github-redirect.dependabot.com/gophish/gophish/issues/1525\\">#1525</a></h3>
<p>Images in emails are now marked as <code>embedded</code> rather than <code>attached</code>, so email clients don't show them as attachments. This is a great addition to improve the quality of campaigns. Thanks <a href=\\"https://github.com/dzsibi\\"><code>@​dzsibi</code></a></p>
<h3>Custom Sender Envelopes <a href=\\"https://github-redirect.dependabot.com/gophish/gophish/issues/2334\\">#2334</a></h3>
<p>We've added the ability to specify an envelope sender in templates.  If left empty, it will fallback to the SMTP-From in the Sender-settings. This can be used to pass SPF-checks but still send a spoofing email. Thanks <a href=\\"https://github.com/ChessSpider\\"><code>@​ChessSpider</code></a> and <a href=\\"https://github.com/ptitdoc\\"><code>@​ptitdoc</code></a></p>
<h3>Added functionality to lock accounts <a href=\\"https://github-redirect.dependabot.com/gophish/gophish/issues/2060\\">#2060</a></h3>
<p>Added minor functionality to display last login time for each user in the User Management page and the ability to lock user accounts.</p>
<h3>Open Redirect <a href=\\"https://github-redirect.dependabot.com/gophish/gophish/issues/2262\\">#2262</a></h3>
<p>Fixed a minor Open Redirect issue. Thanks <a href=\\"https://github.com/Kirill89\\"><code>@​Kirill89</code></a></p>
<h3>Changelog</h3>
<p>You can find the full changelog for this release <a href=\\"https://github.com/gophish/gophish/compare/v0.11.0...v0.12.0\\">here.</a></p>
<h3>How to Upgrade</h3>
<p>To upgrade, download the release for your platform, extract into a folder, and copy (<strong>remember to copy, not move so that you have a backup</strong>) your existing gophish.db file into the new directory. Then, run the new Gophish binary and you'll be good to go!</p>
<p>Now, one more thing:</p>
<h3>We want to hear from you!</h3>
<p>Have questions, comments, or feature ideas about Gophish? Let us know by <a href=\\"https://github.com/gophish/gophish/issues/new\\">filing an issue</a>.</p>
<h3>Enjoy</h3>
<table>
<thead>
<tr>
<th>SHA256 Hash</th>
<th>Filename</th>
</tr>
</thead>
<tbody>
<tr>
<td>42f228158e91e2fce182fbd60a6669fcbed21f76186563f264a941efbc9c1159</td>
<td>gophish-v0.12.0-linux-64bit.zip</td>
</tr>
<tr>
<td>d06945497f0f3467748c50e518aa4e526e8c71cd7fa58c23541cb65477539306</td>
<td>gophish-v0.12.0-osx-64bit.zip</td>
</tr>
<tr>
<td>c0fdc4a980914893a9d19544bb6233586db8d81a139657e9773ca8e03c387a02</td>
<td>gophish-v0.12.0-windows-64bit.zip</td>
</tr>
</tbody>
</table>
<h2>Gophish v0.11.0</h2>
<h3>Gophish just got better.</h3>
<p>We're excited to announce the release of Gophish v0.11.0. This release includes important security fixes, adds some minor features, and fixes some bugs.</p>
<h3>Security Fixes</h3>
<p>This release addresses multiple security issues that were identified and reported by the community. As always, we encourage sending in security reports via our <a href=\\"https://github.com/gophish/gophish/blob/master/SECURITY.md\\">security policy</a>, and are appreciative of all the work that went in to finding and reporting these vulnerabilities.</p>
<!-- raw HTML omitted -->
</blockquote>
<p>... (truncated)</p>
</details>
<details>
<summary>Commits</summary>
<ul>
<li><a href=\\"https://github.com/gophish/gophish/commit/6b61426aabc237398ae465ca6921c6d3d653e3c2\\"><code>6b61426</code></a> Bumped version to 0.12.0</li>
<li><a href=\\"https://github.com/gophish/gophish/commit/90cd444dcb041000c1f2c7120f7d9f28e94134f9\\"><code>90cd444</code></a> Minified template.js resolving <a href=\\"https://github-redirect.dependabot.com/gophish/gophish/issues/2545\\">#2545</a></li>
<li><a href=\\"https://github.com/gophish/gophish/commit/5ef2d75e72a0e1425aa18deacebbc4bf73b617a9\\"><code>5ef2d75</code></a> Fixed Account Locked bug, allowing user accounts to be locked</li>
<li><a href=\\"https://github.com/gophish/gophish/commit/6fb77bf3ceee9d9968171978c1ebfca8401c3bfc\\"><code>6fb77bf</code></a> Fixed formatting from Custom Envelope PR <a href=\\"https://github-redirect.dependabot.com/gophish/gophish/issues/2334\\">#2334</a></li>
<li><a href=\\"https://github.com/gophish/gophish/commit/d0ff3829e58832136c2f56309f2872fd6c3167be\\"><code>d0ff382</code></a> Disallow deleting of admin user from the UI (<a href=\\"https://github-redirect.dependabot.com/gophish/gophish/issues/2487\\">#2487</a>)</li>
<li><a href=\\"https://github.com/gophish/gophish/commit/0c255bbe92fd5427a5b25ff8dbf94bee9e32ac51\\"><code>0c255bb</code></a> Disallow changing of admin username from the UI (<a href=\\"https://github-redirect.dependabot.com/gophish/gophish/issues/2487\\">#2487</a>)</li>
<li><a href=\\"https://github.com/gophish/gophish/commit/b7c69662ced64155c4163d5ef8bdc91ae2ad092f\\"><code>b7c6966</code></a> Embed or attach files based on their file extension (<a href=\\"https://github-redirect.dependabot.com/gophish/gophish/issues/1525\\">#1525</a>)</li>
<li><a href=\\"https://github.com/gophish/gophish/commit/704e6d56b3285f9c9d3ef5eac4a53d019b730bc7\\"><code>704e6d5</code></a> Fix modal titles saying new when editing existing content (<a href=\\"https://github-redirect.dependabot.com/gophish/gophish/issues/2318\\">#2318</a>)</li>
<li><a href=\\"https://github.com/gophish/gophish/commit/bb516ef7aba4e4f8026b8ad7a122dd5574492782\\"><code>bb516ef</code></a> 986 custom envelope sender remerge (<a href=\\"https://github-redirect.dependabot.com/gophish/gophish/issues/2334\\">#2334</a>)</li>
<li><a href=\\"https://github.com/gophish/gophish/commit/e0acb99734b2486adfd5223bf5a8a31cdfed2311\\"><code>e0acb99</code></a> Bump minimist from 1.2.0 to 1.2.5 (<a href=\\"https://github-redirect.dependabot.com/gophish/gophish/issues/2401\\">#2401</a>)</li>
<li>Additional commits viewable in <a href=\\"https://github.com/gophish/gophish/compare/v0.1.2...v0.12.0\\">compare view</a></li>
</ul>
</details>
<br />


[![Dependabot compatibility score](https://dependabot-badges.githubapp.com/badges/compatibility_score?dependency-name=github.com/gophish/gophish&package-manager=go_modules&previous-version=0.1.2&new-version=0.12.0)](https://docs.github.com/en/github/managing-security-vulnerabilities/about-dependabot-security-updates#about-compatibility-scores)

Dependabot will resolve any conflicts with this PR as long as you don't alter it yourself. You can also trigger a rebase manually by commenting \`@dependabot rebase\`.

[//]: # (dependabot-automerge-start)
[//]: # (dependabot-automerge-end)

---

<details>
<summary>Dependabot commands and options</summary>
<br />

You can trigger Dependabot actions by commenting on this PR:
- \`@dependabot rebase\` will rebase this PR
- \`@dependabot recreate\` will recreate this PR, overwriting any edits that have been made to it
- \`@dependabot merge\` will merge this PR after your CI passes on it
- \`@dependabot squash and merge\` will squash and merge this PR after your CI passes on it
- \`@dependabot cancel merge\` will cancel a previously requested merge and block automerging
- \`@dependabot reopen\` will reopen this PR if it is closed
- \`@dependabot close\` will close this PR and stop Dependabot recreating it. You can achieve the same result by closing it manually
- \`@dependabot ignore this major version\` will close this PR and stop Dependabot creating any more for this major version (unless you reopen the PR or upgrade to it yourself)
- \`@dependabot ignore this minor version\` will close this PR and stop Dependabot creating any more for this minor version (unless you reopen the PR or upgrade to it yourself)
- \`@dependabot ignore this dependency\` will close this PR and stop Dependabot creating any more for this dependency (unless you reopen the PR or upgrade to it yourself)
- \`@dependabot use these labels\` will set the current labels as the default for future PRs for this repo and language
- \`@dependabot use these reviewers\` will set the current reviewers as the default for future PRs for this repo and language
- \`@dependabot use these assignees\` will set the current assignees as the default for future PRs for this repo and language
- \`@dependabot use this milestone\` will set the current milestone as the default for future PRs for this repo and language

You can disable automated security fix PRs for this repo from the [Security Alerts page](https://github.com/JupiterOne-Sandbox/intentionally-vulnerable-golang-project/network/alerts).

</details>",
            "changedFiles": 2,
            "checksUrl": "https://github.com/JupiterOne-Sandbox/intentionally-vulnerable-golang-project/pull/2/checks",
            "closed": false,
            "closedAt": null,
            "commits": Array [
              Object {
                "author": Object {
                  "date": "2023-01-31T15:46:22Z",
                  "user": Object {
                    "login": "dependabot[bot]",
                  },
                },
                "authoredDate": "2023-01-31T15:46:22Z",
                "changedFiles": 2,
                "commitUrl": "https://github.com/JupiterOne-Sandbox/intentionally-vulnerable-golang-project/commit/ffac7e943e34e17712f52058a33d92f65de7e949",
                "id": "C_kwDOI2pIINoAKGZmYWM3ZTk0M2UzNGUxNzcxMmY1MjA1OGEzM2Q5MmY2NWRlN2U5NDk",
                "message": "Bump github.com/gophish/gophish from 0.1.2 to 0.12.0

Bumps [github.com/gophish/gophish](https://github.com/gophish/gophish) from 0.1.2 to 0.12.0.
- [Release notes](https://github.com/gophish/gophish/releases)
- [Commits](https://github.com/gophish/gophish/compare/v0.1.2...v0.12.0)

---
updated-dependencies:
- dependency-name: github.com/gophish/gophish
  dependency-type: direct:production
...

Signed-off-by: dependabot[bot] <support@github.com>",
                "oid": "ffac7e943e34e17712f52058a33d92f65de7e949",
              },
            ],
            "createdAt": "2023-01-31T15:46:23Z",
            "databaseId": 1223520584,
            "deletions": 847,
            "editor": null,
            "headRefName": "dependabot/go_modules/github.com/gophish/gophish-0.12.0",
            "headRefOid": "ffac7e943e34e17712f52058a33d92f65de7e949",
            "headRepository": Object {
              "name": "intentionally-vulnerable-golang-project",
              "owner": Object {
                "id": "O_kgDOB0VI3Q",
                "login": "JupiterOne-Sandbox",
                "url": "https://github.com/JupiterOne-Sandbox",
              },
            },
            "id": "PR_kwDOI2pIIM5I7XFI",
            "isDraft": false,
            "labels": Array [
              Object {
                "id": "LA_kwDOI2pIIM8AAAABL_vuLw",
                "name": "dependencies",
              },
            ],
            "lastEditedAt": null,
            "locked": false,
            "mergeCommit": null,
            "mergeable": "MERGEABLE",
            "merged": false,
            "mergedAt": null,
            "mergedBy": null,
            "number": 2,
            "permalink": "https://github.com/JupiterOne-Sandbox/intentionally-vulnerable-golang-project/pull/2",
            "publishedAt": "2023-01-31T15:46:23Z",
            "reviewDecision": null,
            "reviews": Array [],
            "state": "OPEN",
            "title": "Bump github.com/gophish/gophish from 0.1.2 to 0.12.0",
            "updatedAt": "2023-01-31T15:46:25Z",
            "url": "https://github.com/JupiterOne-Sandbox/intentionally-vulnerable-golang-project/pull/2",
          },
        },
      ],
      "_type": "github_pullrequest",
      "accountLogin": "JupiterOne-Sandbox",
      "allCommitsApproved": false,
      "approvalLastAt": undefined,
      "approvalsCount": 0,
      "approved": false,
      "approverLogins": Array [],
      "approvers": Array [],
      "author": "",
      "authorLogin": "",
      "commitMessages": Array [
        "Bump github.com/gophish/gophish from 0.1.2 to 0.12.0

Bumps [github.com/gophish/gophish](https://github.com/gophish/gophish) from 0.1.2 to 0.12.0.
- [Release notes](https://github.com/gophish/gophish/releases)
- [Commits](https://github.com/gophish/gophish/compare/v0.1.2...v0.12.0)

---
updated-dependencies:
- dependency-name: github.com/gophish/gophish
  dependency-type: direct:production
...

Signed-off-by: dependabot[bot] <support@github.com>",
      ],
      "commits": Array [
        "ffac7e943e34e17712f52058a33d92f65de7e949",
      ],
      "commitsApproved": Array [],
      "commitsByUnknownAuthor": Array [
        "ffac7e943e34e17712f52058a33d92f65de7e949",
      ],
      "commitsCount": 1,
      "commitsNotApproved": Array [
        "ffac7e943e34e17712f52058a33d92f65de7e949",
      ],
      "createdOn": 1675179983000,
      "databaseId": 1223520584,
      "declined": false,
      "description": "Bumps [github.com/gophish/gophish](https://github.com/gophish/gophish) from 0.1....",
      "displayName": "intentionally-vulnerable-golang-project/2",
      "filesChangedCount": 2,
      "id": "2",
      "labels": Array [
        "dependencies",
      ],
      "mergeCommitHash": undefined,
      "merged": false,
      "mergedBy": undefined,
      "mergedByLogin": undefined,
      "mergedOn": undefined,
      "name": "Bump github.com/gophish/gophish from 0.1.2 to 0.12.0",
      "node": "PR_kwDOI2pIIM5I7XFI",
      "number": 2,
      "open": true,
      "pullRequestId": "PR_kwDOI2pIIM5I7XFI",
      "repository": "intentionally-vulnerable-golang-project",
      "reviewerLogins": Array [],
      "reviewers": Array [],
      "source": "dependabot/go_modules/github.com/gophish/gophish-0.12.0",
      "state": "OPEN",
      "target": "master",
      "title": "Bump github.com/gophish/gophish from 0.1.2 to 0.12.0",
      "updatedOn": 1675179985000,
      "validated": false,
      "webLink": "https://github.com/JupiterOne-Sandbox/intentionally-vulnerable-golang-project/pull/2",
    },
    Object {
      "_class": Array [
        "PR",
      ],
      "_key": "JupiterOne-Sandbox/intentionally-vulnerable-golang-project/pull-requests/1",
      "_rawData": Array [
        Object {
          "name": "default",
          "rawData": Object {
            "additions": 4,
            "author": Object {
              "login": "VDubber",
              "name": "Samuel Poulton",
            },
            "authorAssociation": "MEMBER",
            "baseRefName": "master",
            "baseRefOid": "16e4a62b6b69862257285201f20a9767666d9370",
            "baseRepository": Object {
              "name": "intentionally-vulnerable-golang-project",
              "owner": Object {
                "id": "O_kgDOB0VI3Q",
                "login": "JupiterOne-Sandbox",
                "url": "https://github.com/JupiterOne-Sandbox",
              },
              "url": "https://github.com/JupiterOne-Sandbox/intentionally-vulnerable-golang-project",
            },
            "body": "",
            "changedFiles": 1,
            "checksUrl": "https://github.com/JupiterOne-Sandbox/intentionally-vulnerable-golang-project/pull/1/checks",
            "closed": true,
            "closedAt": "2023-02-01T20:35:53Z",
            "commits": Array [
              Object {
                "author": Object {
                  "date": "2023-01-30T14:13:10-07:00",
                  "user": Object {
                    "login": "VDubber",
                  },
                },
                "authoredDate": "2023-01-30T21:13:10Z",
                "changedFiles": 1,
                "commitUrl": "https://github.com/JupiterOne-Sandbox/intentionally-vulnerable-golang-project/commit/9225e1610e392f34690beff9e8b23cc098a3390b",
                "id": "C_kwDOI2pIINoAKDkyMjVlMTYxMGUzOTJmMzQ2OTBiZWZmOWU4YjIzY2MwOThhMzM5MGI",
                "message": "Update README.md",
                "oid": "9225e1610e392f34690beff9e8b23cc098a3390b",
              },
            ],
            "createdAt": "2023-01-30T21:13:16Z",
            "databaseId": 1222324928,
            "deletions": 1,
            "editor": null,
            "headRefName": "VDubber-patch-1",
            "headRefOid": "9225e1610e392f34690beff9e8b23cc098a3390b",
            "headRepository": Object {
              "name": "intentionally-vulnerable-golang-project",
              "owner": Object {
                "id": "O_kgDOB0VI3Q",
                "login": "JupiterOne-Sandbox",
                "url": "https://github.com/JupiterOne-Sandbox",
              },
            },
            "id": "PR_kwDOI2pIIM5I2zLA",
            "isDraft": false,
            "labels": Array [],
            "lastEditedAt": null,
            "locked": false,
            "mergeCommit": null,
            "mergeable": "MERGEABLE",
            "merged": false,
            "mergedAt": null,
            "mergedBy": null,
            "number": 1,
            "permalink": "https://github.com/JupiterOne-Sandbox/intentionally-vulnerable-golang-project/pull/1",
            "publishedAt": "2023-01-30T21:13:16Z",
            "reviewDecision": null,
            "reviews": Array [],
            "state": "CLOSED",
            "title": "Update README.md",
            "updatedAt": "2023-02-01T20:35:53Z",
            "url": "https://github.com/JupiterOne-Sandbox/intentionally-vulnerable-golang-project/pull/1",
          },
        },
      ],
      "_type": "github_pullrequest",
      "accountLogin": "JupiterOne-Sandbox",
      "allCommitsApproved": false,
      "approvalLastAt": undefined,
      "approvalsCount": 0,
      "approved": false,
      "approverLogins": Array [],
      "approvers": Array [],
      "author": "Samuel Poulton",
      "authorLogin": "VDubber",
      "commitMessages": Array [
        "Update README.md",
      ],
      "commits": Array [
        "9225e1610e392f34690beff9e8b23cc098a3390b",
      ],
      "commitsApproved": Array [],
      "commitsByUnknownAuthor": Array [],
      "commitsCount": 1,
      "commitsNotApproved": Array [
        "9225e1610e392f34690beff9e8b23cc098a3390b",
      ],
      "createdOn": 1675113196000,
      "databaseId": 1222324928,
      "declined": true,
      "description": undefined,
      "displayName": "intentionally-vulnerable-golang-project/1",
      "filesChangedCount": 1,
      "id": "1",
      "labels": Array [],
      "mergeCommitHash": undefined,
      "merged": false,
      "mergedBy": undefined,
      "mergedByLogin": undefined,
      "mergedOn": undefined,
      "name": "Update README.md",
      "node": "PR_kwDOI2pIIM5I2zLA",
      "number": 1,
      "open": false,
      "pullRequestId": "PR_kwDOI2pIIM5I2zLA",
      "repository": "intentionally-vulnerable-golang-project",
      "reviewerLogins": Array [],
      "reviewers": Array [],
      "source": "VDubber-patch-1",
      "state": "CLOSED",
      "target": "master",
      "title": "Update README.md",
      "updatedOn": 1675283753000,
      "validated": true,
      "webLink": "https://github.com/JupiterOne-Sandbox/intentionally-vulnerable-golang-project/pull/1",
    },
    Object {
      "_class": Array [
        "PR",
      ],
      "_key": "JupiterOne-Sandbox/reimagined-barnacle/pull-requests/3",
      "_rawData": Array [
        Object {
          "name": "default",
          "rawData": Object {
            "additions": 1,
            "author": Object {
              "login": "spjupiter",
              "name": null,
            },
            "authorAssociation": "NONE",
            "baseRefName": "main",
            "baseRefOid": "17ec3e4dbeedebe5a24fd89a0fbe495ba2e5fc55",
            "baseRepository": Object {
              "name": "reimagined-barnacle",
              "owner": Object {
                "id": "O_kgDOB0VI3Q",
                "login": "JupiterOne-Sandbox",
                "url": "https://github.com/JupiterOne-Sandbox",
              },
              "url": "https://github.com/JupiterOne-Sandbox/reimagined-barnacle",
            },
            "body": "",
            "changedFiles": 1,
            "checksUrl": "https://github.com/JupiterOne-Sandbox/reimagined-barnacle/pull/3/checks",
            "closed": true,
            "closedAt": "2023-02-09T22:56:38Z",
            "commits": Array [
              Object {
                "author": Object {
                  "date": "2023-02-09T15:54:41-07:00",
                  "user": Object {
                    "login": "spjupiter",
                  },
                },
                "authoredDate": "2023-02-09T22:54:41Z",
                "changedFiles": 1,
                "commitUrl": "https://github.com/JupiterOne-Sandbox/reimagined-barnacle/commit/a05bdfe0ba63e36e9084771e190813c48501a997",
                "id": "C_kwDOI2pL-NoAKGEwNWJkZmUwYmE2M2UzNmU5MDg0NzcxZTE5MDgxM2M0ODUwMWE5OTc",
                "message": "Create collaborator.md",
                "oid": "a05bdfe0ba63e36e9084771e190813c48501a997",
              },
            ],
            "createdAt": "2023-02-09T22:54:48Z",
            "databaseId": 1235859637,
            "deletions": 0,
            "editor": null,
            "headRefName": "patch-1",
            "headRefOid": "a05bdfe0ba63e36e9084771e190813c48501a997",
            "headRepository": Object {
              "name": "reimagined-barnacle",
              "owner": Object {
                "id": "U_kgDOBhhlDg",
                "login": "spjupiter",
                "url": "https://github.com/spjupiter",
              },
            },
            "id": "PR_kwDOI2pL-M5Jqbi1",
            "isDraft": false,
            "labels": Array [],
            "lastEditedAt": null,
            "locked": false,
            "mergeCommit": Object {
              "associatedPullRequest": Object {
                "id": "PR_kwDOI2pL-M5Jqbi1",
                "number": 3,
                "reviewDecision": "APPROVED",
                "state": "MERGED",
                "url": "https://github.com/JupiterOne-Sandbox/reimagined-barnacle/pull/3",
              },
              "author": Object {
                "date": "2023-02-09T15:56:38-07:00",
                "user": Object {
                  "login": "VDubber",
                },
              },
              "authoredDate": "2023-02-09T22:56:38Z",
              "changedFiles": 1,
              "commitUrl": "https://github.com/JupiterOne-Sandbox/reimagined-barnacle/commit/a494ae21cd52cce51b6bbff2bd3a9c2259cdc94d",
              "id": "C_kwDOI2pL-NoAKGE0OTRhZTIxY2Q1MmNjZTUxYjZiYmZmMmJkM2E5YzIyNTljZGM5NGQ",
              "message": "Merge pull request #3 from spjupiter/patch-1

Create collaborator.md",
              "oid": "a494ae21cd52cce51b6bbff2bd3a9c2259cdc94d",
            },
            "mergeable": "UNKNOWN",
            "merged": true,
            "mergedAt": "2023-02-09T22:56:38Z",
            "mergedBy": Object {
              "login": "VDubber",
              "name": "Samuel Poulton",
            },
            "number": 3,
            "permalink": "https://github.com/JupiterOne-Sandbox/reimagined-barnacle/pull/3",
            "publishedAt": "2023-02-09T22:54:48Z",
            "reviewDecision": "APPROVED",
            "reviews": Array [
              Object {
                "author": Object {
                  "login": "VDubber",
                  "name": "Samuel Poulton",
                },
                "commit": Object {
                  "oid": "a05bdfe0ba63e36e9084771e190813c48501a997",
                },
                "id": "PRR_kwDOI2pL-M5NBKSh",
                "state": "APPROVED",
                "submittedAt": "2023-02-09T22:56:27Z",
                "updatedAt": "2023-02-09T22:56:27Z",
                "url": "https://github.com/JupiterOne-Sandbox/reimagined-barnacle/pull/3#pullrequestreview-1292149921",
              },
            ],
            "state": "MERGED",
            "title": "Create collaborator.md",
            "updatedAt": "2023-02-09T22:56:52Z",
            "url": "https://github.com/JupiterOne-Sandbox/reimagined-barnacle/pull/3",
          },
        },
      ],
      "_type": "github_pullrequest",
      "accountLogin": "JupiterOne-Sandbox",
      "allCommitsApproved": true,
      "approvalLastAt": 1675983281000,
      "approvalsCount": 1,
      "approved": true,
      "approverLogins": Array [
        "VDubber",
      ],
      "approvers": Array [
        "Samuel Poulton",
      ],
      "author": "spjupiter",
      "authorLogin": "spjupiter",
      "commitMessages": Array [
        "Create collaborator.md",
      ],
      "commits": Array [
        "a05bdfe0ba63e36e9084771e190813c48501a997",
      ],
      "commitsApproved": Array [
        "a05bdfe0ba63e36e9084771e190813c48501a997",
      ],
      "commitsByUnknownAuthor": Array [
        "a05bdfe0ba63e36e9084771e190813c48501a997",
      ],
      "commitsCount": 1,
      "commitsNotApproved": Array [],
      "createdOn": 1675983288000,
      "databaseId": 1235859637,
      "declined": false,
      "description": undefined,
      "displayName": "reimagined-barnacle/3",
      "filesChangedCount": 1,
      "id": "3",
      "labels": Array [],
      "mergeCommitHash": "a494ae21cd52cce51b6bbff2bd3a9c2259cdc94d",
      "merged": true,
      "mergedBy": "Samuel Poulton",
      "mergedByLogin": "VDubber",
      "mergedOn": 1675983398000,
      "name": "Create collaborator.md",
      "node": "PR_kwDOI2pL-M5Jqbi1",
      "number": 3,
      "open": false,
      "pullRequestId": "PR_kwDOI2pL-M5Jqbi1",
      "repository": "reimagined-barnacle",
      "reviewerLogins": Array [
        "VDubber",
      ],
      "reviewers": Array [
        "Samuel Poulton",
      ],
      "source": "patch-1",
      "state": "MERGED",
      "target": "main",
      "title": "Create collaborator.md",
      "updatedOn": 1675983412000,
      "validated": false,
      "webLink": "https://github.com/JupiterOne-Sandbox/reimagined-barnacle/pull/3",
    },
    Object {
      "_class": Array [
        "PR",
      ],
      "_key": "JupiterOne-Sandbox/reimagined-barnacle/pull-requests/2",
      "_rawData": Array [
        Object {
          "name": "default",
          "rawData": Object {
            "additions": 3,
            "author": Object {
              "login": "VDubber",
              "name": "Samuel Poulton",
            },
            "authorAssociation": "MEMBER",
            "baseRefName": "main",
            "baseRefOid": "17ec3e4dbeedebe5a24fd89a0fbe495ba2e5fc55",
            "baseRepository": Object {
              "name": "reimagined-barnacle",
              "owner": Object {
                "id": "O_kgDOB0VI3Q",
                "login": "JupiterOne-Sandbox",
                "url": "https://github.com/JupiterOne-Sandbox",
              },
              "url": "https://github.com/JupiterOne-Sandbox/reimagined-barnacle",
            },
            "body": "",
            "changedFiles": 1,
            "checksUrl": "https://github.com/JupiterOne-Sandbox/reimagined-barnacle/pull/2/checks",
            "closed": false,
            "closedAt": null,
            "commits": Array [
              Object {
                "author": Object {
                  "date": "2023-02-09T15:49:28-07:00",
                  "user": Object {
                    "login": "VDubber",
                  },
                },
                "authoredDate": "2023-02-09T22:49:28Z",
                "changedFiles": 1,
                "commitUrl": "https://github.com/JupiterOne-Sandbox/reimagined-barnacle/commit/5bea226afb3108503f432f646026cc70bd6ec1ca",
                "id": "C_kwDOI2pL-NoAKDViZWEyMjZhZmIzMTA4NTAzZjQzMmY2NDYwMjZjYzcwYmQ2ZWMxY2E",
                "message": "Update README.md",
                "oid": "5bea226afb3108503f432f646026cc70bd6ec1ca",
              },
            ],
            "createdAt": "2023-02-09T22:49:37Z",
            "databaseId": 1235855228,
            "deletions": 0,
            "editor": null,
            "headRefName": "VDubber-patch-2",
            "headRefOid": "5bea226afb3108503f432f646026cc70bd6ec1ca",
            "headRepository": Object {
              "name": "reimagined-barnacle",
              "owner": Object {
                "id": "O_kgDOB0VI3Q",
                "login": "JupiterOne-Sandbox",
                "url": "https://github.com/JupiterOne-Sandbox",
              },
            },
            "id": "PR_kwDOI2pL-M5Jqad8",
            "isDraft": false,
            "labels": Array [],
            "lastEditedAt": null,
            "locked": false,
            "mergeCommit": null,
            "mergeable": "MERGEABLE",
            "merged": false,
            "mergedAt": null,
            "mergedBy": null,
            "number": 2,
            "permalink": "https://github.com/JupiterOne-Sandbox/reimagined-barnacle/pull/2",
            "publishedAt": "2023-02-09T22:49:37Z",
            "reviewDecision": "REVIEW_REQUIRED",
            "reviews": Array [],
            "state": "OPEN",
            "title": "Update README.md",
            "updatedAt": "2023-02-09T22:49:55Z",
            "url": "https://github.com/JupiterOne-Sandbox/reimagined-barnacle/pull/2",
          },
        },
      ],
      "_type": "github_pullrequest",
      "accountLogin": "JupiterOne-Sandbox",
      "allCommitsApproved": false,
      "approvalLastAt": undefined,
      "approvalsCount": 0,
      "approved": false,
      "approverLogins": Array [],
      "approvers": Array [],
      "author": "Samuel Poulton",
      "authorLogin": "VDubber",
      "commitMessages": Array [
        "Update README.md",
      ],
      "commits": Array [
        "5bea226afb3108503f432f646026cc70bd6ec1ca",
      ],
      "commitsApproved": Array [],
      "commitsByUnknownAuthor": Array [],
      "commitsCount": 1,
      "commitsNotApproved": Array [
        "5bea226afb3108503f432f646026cc70bd6ec1ca",
      ],
      "createdOn": 1675982977000,
      "databaseId": 1235855228,
      "declined": false,
      "description": undefined,
      "displayName": "reimagined-barnacle/2",
      "filesChangedCount": 1,
      "id": "2",
      "labels": Array [],
      "mergeCommitHash": undefined,
      "merged": false,
      "mergedBy": undefined,
      "mergedByLogin": undefined,
      "mergedOn": undefined,
      "name": "Update README.md",
      "node": "PR_kwDOI2pL-M5Jqad8",
      "number": 2,
      "open": true,
      "pullRequestId": "PR_kwDOI2pL-M5Jqad8",
      "repository": "reimagined-barnacle",
      "reviewerLogins": Array [],
      "reviewers": Array [],
      "source": "VDubber-patch-2",
      "state": "OPEN",
      "target": "main",
      "title": "Update README.md",
      "updatedOn": 1675982995000,
      "validated": true,
      "webLink": "https://github.com/JupiterOne-Sandbox/reimagined-barnacle/pull/2",
    },
  ],
  "collectedRelationships": Array [
    Object {
      "_class": "HAS",
      "_fromEntityKey": "R_kgDOI2pIIA",
      "_key": "R_kgDOI2pIIA|has|JupiterOne-Sandbox/intentionally-vulnerable-golang-project/pull-requests/2",
      "_toEntityKey": "JupiterOne-Sandbox/intentionally-vulnerable-golang-project/pull-requests/2",
      "_type": "github_repo_has_pullrequest",
      "displayName": "HAS",
    },
    Object {
      "_class": "OPENED",
      "_key": "|opened|JupiterOne-Sandbox/intentionally-vulnerable-golang-project/pull-requests/2",
      "_mapping": Object {
        "relationshipDirection": "REVERSE",
        "skipTargetCreation": false,
        "sourceEntityKey": "JupiterOne-Sandbox/intentionally-vulnerable-golang-project/pull-requests/2",
        "targetEntity": Object {
          "_class": "User",
          "_type": "github_user",
          "login": "",
        },
        "targetFilterKeys": Array [
          Array [
            "_type",
            "login",
          ],
        ],
      },
      "_type": "github_user_opened_pullrequest",
      "displayName": "OPENED",
    },
    Object {
      "_class": "HAS",
      "_fromEntityKey": "R_kgDOI2pIIA",
      "_key": "R_kgDOI2pIIA|has|JupiterOne-Sandbox/intentionally-vulnerable-golang-project/pull-requests/1",
      "_toEntityKey": "JupiterOne-Sandbox/intentionally-vulnerable-golang-project/pull-requests/1",
      "_type": "github_repo_has_pullrequest",
      "displayName": "HAS",
    },
    Object {
      "_class": "OPENED",
      "_fromEntityKey": "MDQ6VXNlcjU5MjMwMDI=",
      "_key": "MDQ6VXNlcjU5MjMwMDI=|opened|JupiterOne-Sandbox/intentionally-vulnerable-golang-project/pull-requests/1",
      "_toEntityKey": "JupiterOne-Sandbox/intentionally-vulnerable-golang-project/pull-requests/1",
      "_type": "github_user_opened_pullrequest",
      "displayName": "OPENED",
    },
    Object {
      "_class": "HAS",
      "_fromEntityKey": "R_kgDOI2pL-A",
      "_key": "R_kgDOI2pL-A|has|JupiterOne-Sandbox/reimagined-barnacle/pull-requests/3",
      "_toEntityKey": "JupiterOne-Sandbox/reimagined-barnacle/pull-requests/3",
      "_type": "github_repo_has_pullrequest",
      "displayName": "HAS",
    },
    Object {
      "_class": "OPENED",
      "_key": "spjupiter|opened|JupiterOne-Sandbox/reimagined-barnacle/pull-requests/3",
      "_mapping": Object {
        "relationshipDirection": "REVERSE",
        "skipTargetCreation": false,
        "sourceEntityKey": "JupiterOne-Sandbox/reimagined-barnacle/pull-requests/3",
        "targetEntity": Object {
          "_class": "User",
          "_type": "github_user",
          "login": "spjupiter",
        },
        "targetFilterKeys": Array [
          Array [
            "_type",
            "login",
          ],
        ],
      },
      "_type": "github_user_opened_pullrequest",
      "displayName": "OPENED",
    },
    Object {
      "_class": "REVIEWED",
      "_fromEntityKey": "MDQ6VXNlcjU5MjMwMDI=",
      "_key": "MDQ6VXNlcjU5MjMwMDI=|reviewed|JupiterOne-Sandbox/reimagined-barnacle/pull-requests/3",
      "_toEntityKey": "JupiterOne-Sandbox/reimagined-barnacle/pull-requests/3",
      "_type": "github_user_reviewed_pullrequest",
      "displayName": "REVIEWED",
    },
    Object {
      "_class": "APPROVED",
      "_fromEntityKey": "MDQ6VXNlcjU5MjMwMDI=",
      "_key": "MDQ6VXNlcjU5MjMwMDI=|approved|JupiterOne-Sandbox/reimagined-barnacle/pull-requests/3",
      "_toEntityKey": "JupiterOne-Sandbox/reimagined-barnacle/pull-requests/3",
      "_type": "github_user_approved_pullrequest",
      "displayName": "APPROVED",
    },
    Object {
      "_class": "HAS",
      "_fromEntityKey": "R_kgDOI2pL-A",
      "_key": "R_kgDOI2pL-A|has|JupiterOne-Sandbox/reimagined-barnacle/pull-requests/2",
      "_toEntityKey": "JupiterOne-Sandbox/reimagined-barnacle/pull-requests/2",
      "_type": "github_repo_has_pullrequest",
      "displayName": "HAS",
    },
    Object {
      "_class": "OPENED",
      "_fromEntityKey": "MDQ6VXNlcjU5MjMwMDI=",
      "_key": "MDQ6VXNlcjU5MjMwMDI=|opened|JupiterOne-Sandbox/reimagined-barnacle/pull-requests/2",
      "_toEntityKey": "JupiterOne-Sandbox/reimagined-barnacle/pull-requests/2",
      "_type": "github_user_opened_pullrequest",
      "displayName": "OPENED",
    },
  ],
  "encounteredTypes": Array [
    "github_account",
    "github_repo",
    "github_user",
    "github_account_owns_repo",
    "github_account_has_user",
    "github_user_manages_account",
    "github_repo_allows_user",
    "github_pullrequest",
    "github_repo_has_pullrequest",
    "github_user_opened_pullrequest",
    "github_user_reviewed_pullrequest",
    "github_user_approved_pullrequest",
  ],
  "numCollectedEntities": 4,
  "numCollectedRelationships": 10,
}
`;
