// Jest Snapshot v1, https://goo.gl/fbAQLP

exports[`fetchRepoSecrets exec handler 1`] = `
Object {
  "collectedEntities": Array [
    Object {
      "_class": Array [
        "Secret",
      ],
      "_key": "GitHub_Repo_reimagined-barnacle_Secret_MY_SECRET",
      "_rawData": Array [
        Object {
          "name": "default",
          "rawData": Object {
            "created_at": "2022-03-23T21:25:33Z",
            "name": "MY_SECRET",
            "updated_at": "2022-03-23T21:25:33Z",
          },
        },
      ],
      "_type": "github_repo_secret",
      "createdOn": 1648070733000,
      "displayName": "MY_SECRET",
      "name": "MY_SECRET",
      "updatedOn": 1648070733000,
      "visibility": "selected",
      "webLink": "https://github.com/j1-ingest/reimagined-barnacle/settings/secrets/actions/MY_SECRET",
    },
    Object {
      "_class": Array [
        "Secret",
      ],
      "_key": "GitHub_Repo_reimagined-barnacle_Secret_REPO_SEC",
      "_rawData": Array [
        Object {
          "name": "default",
          "rawData": Object {
            "created_at": "2022-03-23T21:24:37Z",
            "name": "REPO_SEC",
            "updated_at": "2022-03-23T21:24:37Z",
          },
        },
      ],
      "_type": "github_repo_secret",
      "createdOn": 1648070677000,
      "displayName": "REPO_SEC",
      "name": "REPO_SEC",
      "updatedOn": 1648070677000,
      "visibility": "selected",
      "webLink": "https://github.com/j1-ingest/reimagined-barnacle/settings/secrets/actions/REPO_SEC",
    },
  ],
  "collectedRelationships": Array [
    Object {
      "_class": "HAS",
      "_fromEntityKey": "R_kgDOG-zMhA",
      "_key": "R_kgDOG-zMhA|has|GitHub_Repo_reimagined-barnacle_Secret_MY_SECRET",
      "_toEntityKey": "GitHub_Repo_reimagined-barnacle_Secret_MY_SECRET",
      "_type": "github_repo_has_secret",
      "displayName": "HAS",
    },
    Object {
      "_class": "USES",
      "_fromEntityKey": "R_kgDOG-zMhA",
      "_key": "R_kgDOG-zMhA|uses|GitHub_Repo_reimagined-barnacle_Secret_MY_SECRET",
      "_toEntityKey": "GitHub_Repo_reimagined-barnacle_Secret_MY_SECRET",
      "_type": "github_repo_uses_secret",
      "displayName": "USES",
    },
    Object {
      "_class": "OVERRIDES",
      "_fromEntityKey": "GitHub_Repo_reimagined-barnacle_Secret_MY_SECRET",
      "_key": "GitHub_Repo_reimagined-barnacle_Secret_MY_SECRET|overrides|GitHub_Org_j1-ingest_Secret_MY_SECRET",
      "_toEntityKey": "GitHub_Org_j1-ingest_Secret_MY_SECRET",
      "_type": "github_repo_secret_overrides_org_secret",
      "displayName": "OVERRIDES",
    },
    Object {
      "_class": "HAS",
      "_fromEntityKey": "R_kgDOG-zMhA",
      "_key": "R_kgDOG-zMhA|has|GitHub_Repo_reimagined-barnacle_Secret_REPO_SEC",
      "_toEntityKey": "GitHub_Repo_reimagined-barnacle_Secret_REPO_SEC",
      "_type": "github_repo_has_secret",
      "displayName": "HAS",
    },
    Object {
      "_class": "USES",
      "_fromEntityKey": "R_kgDOG-zMhA",
      "_key": "R_kgDOG-zMhA|uses|GitHub_Repo_reimagined-barnacle_Secret_REPO_SEC",
      "_toEntityKey": "GitHub_Repo_reimagined-barnacle_Secret_REPO_SEC",
      "_type": "github_repo_uses_secret",
      "displayName": "USES",
    },
  ],
  "encounteredTypes": Array [
    "github_account",
    "github_repo",
    "github_org_secret",
    "github_account_owns_repo",
    "github_account_has_org_secret",
    "github_repo_uses_org_secret",
    "github_repo_secret",
    "github_repo_has_secret",
    "github_repo_uses_secret",
    "github_repo_secret_overrides_org_secret",
  ],
  "numCollectedEntities": 2,
  "numCollectedRelationships": 5,
}
`;
