// Jest Snapshot v1, https://goo.gl/fbAQLP

exports[`fetchTeams exec handler 1`] = `
Object {
  "collectedEntities": Array [
    Object {
      "_class": Array [
        "UserGroup",
      ],
      "_key": "T_kwDOBfl5Zc4AWHaA",
      "_rawData": Array [
        Object {
          "name": "default",
          "rawData": Object {
            "createdAt": "2022-03-14T16:40:24Z",
            "databaseId": 5797504,
            "description": "",
            "id": "T_kwDOBfl5Zc4AWHaA",
            "name": "j1-empty-team",
            "privacy": "VISIBLE",
            "slug": "j1-empty-team",
            "updatedAt": "2022-03-14T16:40:24Z",
            "url": "https://github.com/orgs/j1-ingest/teams/j1-empty-team",
          },
        },
      ],
      "_type": "github_team",
      "createdOn": 1647276024000,
      "databaseId": 5797504,
      "description": "",
      "displayName": "j1-empty-team",
      "fullName": "j1-empty-team",
      "name": "j1-empty-team",
      "node": "T_kwDOBfl5Zc4AWHaA",
      "privacy": "VISIBLE",
      "updatedOn": 1647276024000,
      "webLink": "https://github.com/orgs/j1-ingest/teams/j1-empty-team",
    },
    Object {
      "_class": Array [
        "UserGroup",
      ],
      "_key": "T_kwDOBfl5Zc4AV-Cl",
      "_rawData": Array [
        Object {
          "name": "default",
          "rawData": Object {
            "createdAt": "2022-03-04T21:51:41Z",
            "databaseId": 5759141,
            "description": "Testing the GitHub Integration",
            "id": "T_kwDOBfl5Zc4AV-Cl",
            "name": "j1-github-ingest",
            "privacy": "VISIBLE",
            "slug": "j1-github-ingest",
            "updatedAt": "2022-03-04T21:51:41Z",
            "url": "https://github.com/orgs/j1-ingest/teams/j1-github-ingest",
          },
        },
      ],
      "_type": "github_team",
      "createdOn": 1646430701000,
      "databaseId": 5759141,
      "description": "Testing the GitHub Integration",
      "displayName": "j1-github-ingest",
      "fullName": "j1-github-ingest",
      "name": "j1-github-ingest",
      "node": "T_kwDOBfl5Zc4AV-Cl",
      "privacy": "VISIBLE",
      "updatedOn": 1646430701000,
      "webLink": "https://github.com/orgs/j1-ingest/teams/j1-github-ingest",
    },
    Object {
      "_class": Array [
        "UserGroup",
      ],
      "_key": "T_kwDOBfl5Zc4AWFtb",
      "_rawData": Array [
        Object {
          "name": "default",
          "rawData": Object {
            "createdAt": "2022-03-11T22:03:54Z",
            "databaseId": 5790555,
            "description": "Test team",
            "id": "T_kwDOBfl5Zc4AWFtb",
            "name": "j1-ingest-eng",
            "privacy": "VISIBLE",
            "slug": "j1-ingest-eng",
            "updatedAt": "2022-03-11T22:03:54Z",
            "url": "https://github.com/orgs/j1-ingest/teams/j1-ingest-eng",
          },
        },
      ],
      "_type": "github_team",
      "createdOn": 1647036234000,
      "databaseId": 5790555,
      "description": "Test team",
      "displayName": "j1-ingest-eng",
      "fullName": "j1-ingest-eng",
      "name": "j1-ingest-eng",
      "node": "T_kwDOBfl5Zc4AWFtb",
      "privacy": "VISIBLE",
      "updatedOn": 1647036234000,
      "webLink": "https://github.com/orgs/j1-ingest/teams/j1-ingest-eng",
    },
    Object {
      "_class": Array [
        "UserGroup",
      ],
      "_key": "T_kwDOBfl5Zc4AWFta",
      "_rawData": Array [
        Object {
          "name": "default",
          "rawData": Object {
            "createdAt": "2022-03-11T22:03:02Z",
            "databaseId": 5790554,
            "description": "Is this team nested?",
            "id": "T_kwDOBfl5Zc4AWFta",
            "name": "j1-nested-team",
            "privacy": "VISIBLE",
            "slug": "j1-nested-team",
            "updatedAt": "2022-03-11T22:03:02Z",
            "url": "https://github.com/orgs/j1-ingest/teams/j1-nested-team",
          },
        },
      ],
      "_type": "github_team",
      "createdOn": 1647036182000,
      "databaseId": 5790554,
      "description": "Is this team nested?",
      "displayName": "j1-nested-team",
      "fullName": "j1-nested-team",
      "name": "j1-nested-team",
      "node": "T_kwDOBfl5Zc4AWFta",
      "privacy": "VISIBLE",
      "updatedOn": 1647036182000,
      "webLink": "https://github.com/orgs/j1-ingest/teams/j1-nested-team",
    },
  ],
  "collectedRelationships": Array [
    Object {
      "_class": "HAS",
      "_fromEntityKey": "O_kgDOBfl5ZQ",
      "_key": "O_kgDOBfl5ZQ|has|T_kwDOBfl5Zc4AWHaA",
      "_toEntityKey": "T_kwDOBfl5Zc4AWHaA",
      "_type": "github_account_has_team",
      "displayName": "HAS",
    },
    Object {
      "_class": "HAS",
      "_fromEntityKey": "O_kgDOBfl5ZQ",
      "_key": "O_kgDOBfl5ZQ|has|T_kwDOBfl5Zc4AV-Cl",
      "_toEntityKey": "T_kwDOBfl5Zc4AV-Cl",
      "_type": "github_account_has_team",
      "displayName": "HAS",
    },
    Object {
      "_class": "HAS",
      "_fromEntityKey": "O_kgDOBfl5ZQ",
      "_key": "O_kgDOBfl5ZQ|has|T_kwDOBfl5Zc4AWFtb",
      "_toEntityKey": "T_kwDOBfl5Zc4AWFtb",
      "_type": "github_account_has_team",
      "displayName": "HAS",
    },
    Object {
      "_class": "HAS",
      "_fromEntityKey": "O_kgDOBfl5ZQ",
      "_key": "O_kgDOBfl5ZQ|has|T_kwDOBfl5Zc4AWFta",
      "_toEntityKey": "T_kwDOBfl5Zc4AWFta",
      "_type": "github_account_has_team",
      "displayName": "HAS",
    },
  ],
  "encounteredTypes": Array [
    "github_account",
    "github_team",
    "github_account_has_team",
  ],
  "numCollectedEntities": 4,
  "numCollectedRelationships": 4,
}
`;
