// Jest Snapshot v1, https://goo.gl/fbAQLP

exports[`fetchTeamRepos exec handler 1`] = `
Object {
  "collectedEntities": Array [],
  "collectedRelationships": Array [
    Object {
      "_class": "ALLOWS",
      "_fromEntityKey": "R_kgDOG5ypUQ",
      "_key": "R_kgDOG5ypUQ|allows|T_kwDOBfl5Zc4AV-Cl",
      "_toEntityKey": "T_kwDOBfl5Zc4AV-Cl",
      "_type": "github_repo_allows_team",
      "adminPermission": false,
      "displayName": "ALLOWS",
      "maintainPermission": false,
      "pullPermission": true,
      "pushPermission": false,
      "role": "READ",
      "triagePermission": false,
    },
    Object {
      "_class": "ALLOWS",
      "_fromEntityKey": "R_kgDOG-zMhA",
      "_key": "R_kgDOG-zMhA|allows|T_kwDOBfl5Zc4AV-Cl",
      "_toEntityKey": "T_kwDOBfl5Zc4AV-Cl",
      "_type": "github_repo_allows_team",
      "adminPermission": false,
      "displayName": "ALLOWS",
      "maintainPermission": false,
      "pullPermission": true,
      "pushPermission": false,
      "role": "READ",
      "triagePermission": false,
    },
    Object {
      "_class": "ALLOWS",
      "_fromEntityKey": "R_kgDOG5ypUQ",
      "_key": "R_kgDOG5ypUQ|allows|T_kwDOBfl5Zc4AWFtb",
      "_toEntityKey": "T_kwDOBfl5Zc4AWFtb",
      "_type": "github_repo_allows_team",
      "adminPermission": false,
      "displayName": "ALLOWS",
      "maintainPermission": false,
      "pullPermission": true,
      "pushPermission": false,
      "role": "READ",
      "triagePermission": false,
    },
    Object {
      "_class": "ALLOWS",
      "_fromEntityKey": "R_kgDOG_MLeg",
      "_key": "R_kgDOG_MLeg|allows|T_kwDOBfl5Zc4AWFtb",
      "_toEntityKey": "T_kwDOBfl5Zc4AWFtb",
      "_type": "github_repo_allows_team",
      "adminPermission": false,
      "displayName": "ALLOWS",
      "maintainPermission": false,
      "pullPermission": true,
      "pushPermission": false,
      "role": "READ",
      "triagePermission": false,
    },
    Object {
      "_class": "ALLOWS",
      "_fromEntityKey": "R_kgDOG5ypUQ",
      "_key": "R_kgDOG5ypUQ|allows|T_kwDOBfl5Zc4AWFta",
      "_toEntityKey": "T_kwDOBfl5Zc4AWFta",
      "_type": "github_repo_allows_team",
      "adminPermission": false,
      "displayName": "ALLOWS",
      "maintainPermission": false,
      "pullPermission": true,
      "pushPermission": false,
      "role": "READ",
      "triagePermission": false,
    },
    Object {
      "_class": "ALLOWS",
      "_fromEntityKey": "R_kgDOG-zMhA",
      "_key": "R_kgDOG-zMhA|allows|T_kwDOBfl5Zc4AWFta",
      "_toEntityKey": "T_kwDOBfl5Zc4AWFta",
      "_type": "github_repo_allows_team",
      "adminPermission": false,
      "displayName": "ALLOWS",
      "maintainPermission": false,
      "pullPermission": true,
      "pushPermission": true,
      "role": "WRITE",
      "triagePermission": true,
    },
    Object {
      "_class": "ALLOWS",
      "_fromEntityKey": "R_kgDOG_MJdQ",
      "_key": "R_kgDOG_MJdQ|allows|T_kwDOBfl5Zc4AWFta",
      "_toEntityKey": "T_kwDOBfl5Zc4AWFta",
      "_type": "github_repo_allows_team",
      "adminPermission": false,
      "displayName": "ALLOWS",
      "maintainPermission": false,
      "pullPermission": true,
      "pushPermission": false,
      "role": "READ",
      "triagePermission": false,
    },
  ],
  "encounteredTypes": Array [
    "github_account",
    "github_repo",
    "github_team",
    "github_account_owns_repo",
    "github_account_has_team",
    "github_repo_allows_team",
  ],
  "numCollectedEntities": 0,
  "numCollectedRelationships": 7,
}
`;
