// Jest Snapshot v1, https://goo.gl/fbAQLP

exports[`utils responseToResource 1`] = `
Object {
  "commits": Array [
    Object {
      "asdf": "commit",
    },
  ],
  "id": "PR_asdf",
  "labels": Array [
    Object {
      "asdf": "label",
    },
  ],
  "reviews": Array [
    Object {
      "author": Object {},
      "commit": null,
      "id": "asdf",
      "state": "COMMENTED",
      "submittedAt": "2000-04-19T04:33:08Z",
      "updatedAt": "2000-04-19T04:33:08Z",
      "url": "https://github.com/",
    },
  ],
}
`;

exports[`utils responseToResource 2`] = `
Object {
  "mergeCommit": Object {
    "associatedPullRequest": Object {
      "id": "PR_kwDOIAVVA84_DshD",
      "number": 2,
      "reviewDecision": null,
      "state": "MERGED",
      "url": "https://github.com/j1-ingest/ubiquitous-umbrella/pull/2",
    },
    "author": Object {
      "user": Object {
        "login": "VDubber",
      },
    },
    "id": "C_kwDOIAVVA9oAKDg1NjNlOWIyZDYzMzRiNzUwZjhmN2I2MzA4NTgxODg5NTBkMmFiOTI",
  },
}
`;
